---
http_interactions:
- request:
    method: post
    uri: https://cs50.salesforce.com/services/data/v29.0/sobjects/Contact
    body:
      encoding: UTF-8
      string: '{"FirstName":"Garth","LastName":"Frami","AccountId":"0013B000009vJrCQAU"}'
    headers:
      User-Agent:
      - Faraday v0.9.2
      Content-Type:
      - application/json
      Authorization:
      - OAuth <tutor_specs_oauth_token>
      Accept-Encoding:
      - gzip;q=1.0,deflate;q=0.6,identity;q=0.3
      Accept:
      - "*/*"
  response:
    status:
      code: 201
      message: Created
    headers:
      Date:
      - Sun, 29 Jan 2017 04:25:17 GMT
      Set-Cookie:
      - BrowserId=k0R7nOviQXCeMlXb7lWn-g;Path=/;Domain=.salesforce.com;Expires=Thu,
        30-Mar-2017 04:25:17 GMT
      Expires:
      - Thu, 01 Jan 1970 00:00:00 GMT
      Sforce-Limit-Info:
      - api-usage=213/48000
      Location:
      - "/services/data/v29.0/sobjects/Contact/0033B000008ktkWQAQ"
      Content-Type:
      - application/json;charset=UTF-8
      Vary:
      - Accept-Encoding
      Transfer-Encoding:
      - chunked
    body:
      encoding: ASCII-8BIT
      string: '{"id":"0033B000008ktkWQAQ","success":true,"errors":[]}'
    http_version: 
  recorded_at: Sun, 29 Jan 2017 04:25:18 GMT
- request:
    method: get
    uri: https://cs50.salesforce.com/services/data/v29.0/query?q=SELECT%20Id,%20TermYear__c,%20Book_Text__c,%20Contact__c,%20Class_Start_Date__c,%20Book__c,%20Account__c%20FROM%20Individual_Adoption__c%20WHERE%20(Contact__c%20=%20%270033B000008ktkWQAQ%27)%20AND%20(Book_Text__c%20=%20%27Chemistry%27)%20AND%20(TermYear__c%20=%20%272016%20-%2017%20Spring%27)
    body:
      encoding: US-ASCII
      string: ''
    headers:
      User-Agent:
      - Faraday v0.9.2
      Authorization:
      - OAuth <tutor_specs_oauth_token>
      Accept-Encoding:
      - gzip;q=1.0,deflate;q=0.6,identity;q=0.3
      Accept:
      - "*/*"
  response:
    status:
      code: 200
      message: OK
    headers:
      Date:
      - Sun, 29 Jan 2017 04:25:19 GMT
      Set-Cookie:
      - BrowserId=HsuYKpTFQme93AimQ0HCeA;Path=/;Domain=.salesforce.com;Expires=Thu,
        30-Mar-2017 04:25:19 GMT
      Expires:
      - Thu, 01 Jan 1970 00:00:00 GMT
      Sforce-Limit-Info:
      - api-usage=213/48000
      Content-Type:
      - application/json;charset=UTF-8
      Vary:
      - Accept-Encoding
      Transfer-Encoding:
      - chunked
    body:
      encoding: ASCII-8BIT
      string: '{"totalSize":0,"done":true,"records":[]}'
    http_version: 
  recorded_at: Sun, 29 Jan 2017 04:25:19 GMT
- request:
    method: get
    uri: https://cs50.salesforce.com/services/data/v29.0/query?q=SELECT%20Id,%20Name,%20FirstName,%20LastName,%20Email,%20Email_alt__c,%20Faculty_Confirmed_Date__c,%20Faculty_Verified__c,%20LastModifiedDate,%20AccountId%20FROM%20Contact%20WHERE%20(Id%20=%20%270033B000008ktkWQAQ%27)%20LIMIT%201
    body:
      encoding: US-ASCII
      string: ''
    headers:
      User-Agent:
      - Faraday v0.9.2
      Authorization:
      - OAuth <tutor_specs_oauth_token>
      Accept-Encoding:
      - gzip;q=1.0,deflate;q=0.6,identity;q=0.3
      Accept:
      - "*/*"
  response:
    status:
      code: 200
      message: OK
    headers:
      Date:
      - Sun, 29 Jan 2017 04:25:19 GMT
      Set-Cookie:
      - BrowserId=czyOcy6FSIOCODiISAs4WQ;Path=/;Domain=.salesforce.com;Expires=Thu,
        30-Mar-2017 04:25:19 GMT
      Expires:
      - Thu, 01 Jan 1970 00:00:00 GMT
      Sforce-Limit-Info:
      - api-usage=213/48000
      Content-Type:
      - application/json;charset=UTF-8
      Vary:
      - Accept-Encoding
      Transfer-Encoding:
      - chunked
    body:
      encoding: ASCII-8BIT
      string: '{"totalSize":1,"done":true,"records":[{"attributes":{"type":"Contact","url":"/services/data/v29.0/sobjects/Contact/0033B000008ktkWQAQ"},"Id":"0033B000008ktkWQAQ","Name":"Garth
        Frami","FirstName":"Garth","LastName":"Frami","Email":null,"Email_alt__c":null,"Faculty_Confirmed_Date__c":null,"Faculty_Verified__c":null,"LastModifiedDate":"2017-01-29T04:25:18.000+0000","AccountId":"0013B000009vJrCQAU"}]}'
    http_version: 
  recorded_at: Sun, 29 Jan 2017 04:25:19 GMT
- request:
    method: get
    uri: https://cs50.salesforce.com/services/data/v29.0/query?q=SELECT%20Id,%20Name%20FROM%20Book__c
    body:
      encoding: US-ASCII
      string: ''
    headers:
      User-Agent:
      - Faraday v0.9.2
      Authorization:
      - OAuth <tutor_specs_oauth_token>
      Accept-Encoding:
      - gzip;q=1.0,deflate;q=0.6,identity;q=0.3
      Accept:
      - "*/*"
  response:
    status:
      code: 200
      message: OK
    headers:
      Date:
      - Sun, 29 Jan 2017 04:25:20 GMT
      Set-Cookie:
      - BrowserId=Ucc727n3RJeLV7g5EGV98Q;Path=/;Domain=.salesforce.com;Expires=Thu,
        30-Mar-2017 04:25:20 GMT
      Expires:
      - Thu, 01 Jan 1970 00:00:00 GMT
      Sforce-Limit-Info:
      - api-usage=213/48000
      Content-Type:
      - application/json;charset=UTF-8
      Vary:
      - Accept-Encoding
      Transfer-Encoding:
      - chunked
    body:
      encoding: ASCII-8BIT
      string: '{"totalSize":2,"done":true,"records":[{"attributes":{"type":"Book__c","url":"/services/data/v29.0/sobjects/Book__c/a0Z3B000000UAiCUAW"},"Id":"a0Z3B000000UAiCUAW","Name":"Physics"},{"attributes":{"type":"Book__c","url":"/services/data/v29.0/sobjects/Book__c/a0Z3B000000UAi7UAG"},"Id":"a0Z3B000000UAi7UAG","Name":"Chemistry"}]}'
    http_version: 
  recorded_at: Sun, 29 Jan 2017 04:25:20 GMT
- request:
    method: post
    uri: https://cs50.salesforce.com/services/data/v29.0/sobjects/Individual_Adoption__c
    body:
      encoding: UTF-8
      string: '{"Contact__c":"0033B000008ktkWQAQ","Class_Start_Date__c":"2017-01-01","Book__c":"a0Z3B000000UAi7UAG","Account__c":"0013B000009vJrCQAU"}'
    headers:
      User-Agent:
      - Faraday v0.9.2
      Content-Type:
      - application/json
      Authorization:
      - OAuth <tutor_specs_oauth_token>
      Accept-Encoding:
      - gzip;q=1.0,deflate;q=0.6,identity;q=0.3
      Accept:
      - "*/*"
  response:
    status:
      code: 201
      message: Created
    headers:
      Date:
      - Sun, 29 Jan 2017 04:25:20 GMT
      Set-Cookie:
      - BrowserId=1uOveKTaThGS7lQxlLLnwg;Path=/;Domain=.salesforce.com;Expires=Thu,
        30-Mar-2017 04:25:20 GMT
      Expires:
      - Thu, 01 Jan 1970 00:00:00 GMT
      Sforce-Limit-Info:
      - api-usage=213/48000
      Location:
      - "/services/data/v29.0/sobjects/Individual_Adoption__c/a1W3B000000VbGeUAK"
      Content-Type:
      - application/json;charset=UTF-8
      Vary:
      - Accept-Encoding
      Transfer-Encoding:
      - chunked
    body:
      encoding: ASCII-8BIT
      string: '{"id":"a1W3B000000VbGeUAK","success":true,"errors":[]}'
    http_version: 
  recorded_at: Sun, 29 Jan 2017 04:25:20 GMT
- request:
    method: get
    uri: https://cs50.salesforce.com/services/data/v29.0/query?q=SELECT%20Id,%20Status__c,%20Product__c,%20Account_Type__c,%20Book_Name__c,%20Class_Start_Date__c,%20Course_Name__c,%20Course_Code__c,%20External_ID__c,%20E_Created_Date__c,%20Error__c,%20General_Access_URL__c,%20Teacher_Join_URL__c,%20School_Name__c,%20Active_Teachers__c,%20Sections__c,%20Students_Using__c,%20TermYear__c,%20Opportunity__c,%20Individual_Adoption__c%20FROM%20OS_Ancillary__c%20WHERE%20(Individual_Adoption__c%20=%20%27a1W3B000000VbGeUAK%27)%20AND%20(Product__c%20=%20%27Tutor%27)
    body:
      encoding: US-ASCII
      string: ''
    headers:
      User-Agent:
      - Faraday v0.9.2
      Authorization:
      - OAuth <tutor_specs_oauth_token>
      Accept-Encoding:
      - gzip;q=1.0,deflate;q=0.6,identity;q=0.3
      Accept:
      - "*/*"
  response:
    status:
      code: 200
      message: OK
    headers:
      Date:
      - Sun, 29 Jan 2017 04:25:21 GMT
      Set-Cookie:
      - BrowserId=rMwf-RugQ2O-vkcIu5s9Cg;Path=/;Domain=.salesforce.com;Expires=Thu,
        30-Mar-2017 04:25:21 GMT
      Expires:
      - Thu, 01 Jan 1970 00:00:00 GMT
      Sforce-Limit-Info:
      - api-usage=213/48000
      Content-Type:
      - application/json;charset=UTF-8
      Vary:
      - Accept-Encoding
      Transfer-Encoding:
      - chunked
    body:
      encoding: ASCII-8BIT
      string: '{"totalSize":0,"done":true,"records":[]}'
    http_version: 
  recorded_at: Sun, 29 Jan 2017 04:25:21 GMT
- request:
    method: post
    uri: https://cs50.salesforce.com/services/data/v29.0/sobjects/OS_Ancillary__c
    body:
      encoding: UTF-8
      string: '{"Product__c":"Tutor","Individual_Adoption__c":"a1W3B000000VbGeUAK"}'
    headers:
      User-Agent:
      - Faraday v0.9.2
      Content-Type:
      - application/json
      Authorization:
      - OAuth <tutor_specs_oauth_token>
      Accept-Encoding:
      - gzip;q=1.0,deflate;q=0.6,identity;q=0.3
      Accept:
      - "*/*"
  response:
    status:
      code: 201
      message: Created
    headers:
      Date:
      - Sun, 29 Jan 2017 04:25:21 GMT
      Set-Cookie:
      - BrowserId=FP5164qsRwKFavhaIgoC-w;Path=/;Domain=.salesforce.com;Expires=Thu,
        30-Mar-2017 04:25:21 GMT
      Expires:
      - Thu, 01 Jan 1970 00:00:00 GMT
      Sforce-Limit-Info:
      - api-usage=214/48000
      Location:
      - "/services/data/v29.0/sobjects/OS_Ancillary__c/a1S3B000000E174UAC"
      Content-Type:
      - application/json;charset=UTF-8
      Vary:
      - Accept-Encoding
      Transfer-Encoding:
      - chunked
    body:
      encoding: ASCII-8BIT
      string: '{"id":"a1S3B000000E174UAC","success":true,"errors":[]}'
    http_version: 
  recorded_at: Sun, 29 Jan 2017 04:25:21 GMT
- request:
    method: get
    uri: https://cs50.salesforce.com/services/data/v29.0/query?q=SELECT%20Id,%20Status__c,%20Product__c,%20Account_Type__c,%20Book_Name__c,%20Class_Start_Date__c,%20Course_Name__c,%20Course_Code__c,%20External_ID__c,%20E_Created_Date__c,%20Error__c,%20General_Access_URL__c,%20Teacher_Join_URL__c,%20School_Name__c,%20Active_Teachers__c,%20Sections__c,%20Students_Using__c,%20TermYear__c,%20Opportunity__c,%20Individual_Adoption__c%20FROM%20OS_Ancillary__c%20WHERE%20(Id%20=%20%27a1S3B000000E174UAC%27)%20LIMIT%201
    body:
      encoding: US-ASCII
      string: ''
    headers:
      User-Agent:
      - Faraday v0.9.2
      Authorization:
      - OAuth <tutor_specs_oauth_token>
      Accept-Encoding:
      - gzip;q=1.0,deflate;q=0.6,identity;q=0.3
      Accept:
      - "*/*"
  response:
    status:
      code: 200
      message: OK
    headers:
      Date:
      - Sun, 29 Jan 2017 04:25:22 GMT
      Set-Cookie:
      - BrowserId=xe_SQ8XMSXqZ1Akr2un_ZQ;Path=/;Domain=.salesforce.com;Expires=Thu,
        30-Mar-2017 04:25:22 GMT
      Expires:
      - Thu, 01 Jan 1970 00:00:00 GMT
      Sforce-Limit-Info:
      - api-usage=214/48000
      Content-Type:
      - application/json;charset=UTF-8
      Vary:
      - Accept-Encoding
      Transfer-Encoding:
      - chunked
    body:
      encoding: ASCII-8BIT
      string: '{"totalSize":1,"done":true,"records":[{"attributes":{"type":"OS_Ancillary__c","url":"/services/data/v29.0/sobjects/OS_Ancillary__c/a1S3B000000E174UAC"},"Id":"a1S3B000000E174UAC","Status__c":null,"Product__c":"Tutor","Account_Type__c":null,"Book_Name__c":"Chemistry","Class_Start_Date__c":"2017-01-01","Course_Name__c":null,"Course_Code__c":null,"External_ID__c":null,"E_Created_Date__c":null,"Error__c":null,"General_Access_URL__c":null,"Teacher_Join_URL__c":null,"School_Name__c":"JP
        University","Active_Teachers__c":null,"Sections__c":null,"Students_Using__c":null,"TermYear__c":"2016
        - 17 Spring","Opportunity__c":null,"Individual_Adoption__c":"a1W3B000000VbGeUAK"}]}'
    http_version: 
  recorded_at: Sun, 29 Jan 2017 04:25:22 GMT
- request:
    method: patch
    uri: https://cs50.salesforce.com/services/data/v29.0/sobjects/OS_Ancillary__c/a1S3B000000E174UAC
    body:
      encoding: UTF-8
      string: '{"Status__c":"Approved","External_ID__c":1,"E_Created_Date__c":"2017-01-29T04:25:15Z","Teacher_Join_URL__c":"http://localhost:3001/teach/bac9196780c43965f509416277f6c4d4/DO_NOT_GIVE_TO_STUDENTS","Active_Teachers__c":1,"Sections__c":2,"Students_Using__c":6}'
    headers:
      User-Agent:
      - Faraday v0.9.2
      Content-Type:
      - application/json
      Authorization:
      - OAuth <tutor_specs_oauth_token>
      Accept-Encoding:
      - gzip;q=1.0,deflate;q=0.6,identity;q=0.3
      Accept:
      - "*/*"
  response:
    status:
      code: 204
      message: No Content
    headers:
      Date:
      - Sun, 29 Jan 2017 04:25:22 GMT
      Set-Cookie:
      - BrowserId=sFN2z_TXSYOvqBedwMt31Q;Path=/;Domain=.salesforce.com;Expires=Thu,
        30-Mar-2017 04:25:22 GMT
      Expires:
      - Thu, 01 Jan 1970 00:00:00 GMT
      Sforce-Limit-Info:
      - api-usage=215/48000
    body:
      encoding: UTF-8
      string: ''
    http_version: 
  recorded_at: Sun, 29 Jan 2017 04:25:23 GMT
- request:
    method: get
    uri: https://cs50.salesforce.com/services/data/v29.0/query?q=SELECT%20Id,%20TermYear__c,%20Book_Text__c,%20Contact__c,%20Class_Start_Date__c,%20Book__c,%20Account__c%20FROM%20Individual_Adoption__c%20WHERE%20(Contact__c%20=%20%270033B000008ktkWQAQ%27)
    body:
      encoding: US-ASCII
      string: ''
    headers:
      User-Agent:
      - Faraday v0.9.2
      Authorization:
      - OAuth <tutor_specs_oauth_token>
      Accept-Encoding:
      - gzip;q=1.0,deflate;q=0.6,identity;q=0.3
      Accept:
      - "*/*"
  response:
    status:
      code: 200
      message: OK
    headers:
      Date:
      - Sun, 29 Jan 2017 04:25:23 GMT
      Set-Cookie:
      - BrowserId=eRemlkVQTe2Ai7rYKmXz1A;Path=/;Domain=.salesforce.com;Expires=Thu,
        30-Mar-2017 04:25:23 GMT
      Expires:
      - Thu, 01 Jan 1970 00:00:00 GMT
      Sforce-Limit-Info:
      - api-usage=215/48000
      Content-Type:
      - application/json;charset=UTF-8
      Vary:
      - Accept-Encoding
      Transfer-Encoding:
      - chunked
    body:
      encoding: ASCII-8BIT
      string: '{"totalSize":1,"done":true,"records":[{"attributes":{"type":"Individual_Adoption__c","url":"/services/data/v29.0/sobjects/Individual_Adoption__c/a1W3B000000VbGeUAK"},"Id":"a1W3B000000VbGeUAK","TermYear__c":"2016
        - 17 Spring","Book_Text__c":"Chemistry","Contact__c":"0033B000008ktkWQAQ","Class_Start_Date__c":"2017-01-01","Book__c":"a0Z3B000000UAi7UAG","Account__c":"0013B000009vJrCQAU"}]}'
    http_version: 
  recorded_at: Sun, 29 Jan 2017 04:25:23 GMT
- request:
    method: get
    uri: https://cs50.salesforce.com/services/data/v29.0/query?q=SELECT%20Id,%20Status__c,%20Product__c,%20Account_Type__c,%20Book_Name__c,%20Class_Start_Date__c,%20Course_Name__c,%20Course_Code__c,%20External_ID__c,%20E_Created_Date__c,%20Error__c,%20General_Access_URL__c,%20Teacher_Join_URL__c,%20School_Name__c,%20Active_Teachers__c,%20Sections__c,%20Students_Using__c,%20TermYear__c,%20Opportunity__c,%20Individual_Adoption__c%20FROM%20OS_Ancillary__c%20WHERE%20(Individual_Adoption__c%20=%20%27a1W3B000000VbGeUAK%27)%20LIMIT%201
    body:
      encoding: US-ASCII
      string: ''
    headers:
      User-Agent:
      - Faraday v0.9.2
      Authorization:
      - OAuth <tutor_specs_oauth_token>
      Accept-Encoding:
      - gzip;q=1.0,deflate;q=0.6,identity;q=0.3
      Accept:
      - "*/*"
  response:
    status:
      code: 200
      message: OK
    headers:
      Date:
      - Sun, 29 Jan 2017 04:25:23 GMT
      Set-Cookie:
      - BrowserId=QoRuqj2GTGCZ8LG04x_TlQ;Path=/;Domain=.salesforce.com;Expires=Thu,
        30-Mar-2017 04:25:23 GMT
      Expires:
      - Thu, 01 Jan 1970 00:00:00 GMT
      Sforce-Limit-Info:
      - api-usage=214/48000
      Content-Type:
      - application/json;charset=UTF-8
      Vary:
      - Accept-Encoding
      Transfer-Encoding:
      - chunked
    body:
      encoding: ASCII-8BIT
      string: '{"totalSize":1,"done":true,"records":[{"attributes":{"type":"OS_Ancillary__c","url":"/services/data/v29.0/sobjects/OS_Ancillary__c/a1S3B000000E174UAC"},"Id":"a1S3B000000E174UAC","Status__c":"Approved","Product__c":"Tutor","Account_Type__c":null,"Book_Name__c":"Chemistry","Class_Start_Date__c":"2017-01-01","Course_Name__c":null,"Course_Code__c":null,"External_ID__c":"1","E_Created_Date__c":"2017-01-29T04:25:15.000+0000","Error__c":null,"General_Access_URL__c":"https://tutor.openstax.org/courses/1/dashboard","Teacher_Join_URL__c":"http://localhost:3001/teach/bac9196780c43965f509416277f6c4d4/DO_NOT_GIVE_TO_STUDENTS","School_Name__c":"JP
        University","Active_Teachers__c":1.0,"Sections__c":2.0,"Students_Using__c":6.0,"TermYear__c":"2016
        - 17 Spring","Opportunity__c":null,"Individual_Adoption__c":"a1W3B000000VbGeUAK"}]}'
    http_version: 
  recorded_at: Sun, 29 Jan 2017 04:25:23 GMT
- request:
    method: get
    uri: https://cs50.salesforce.com/services/data/v29.0/query?q=SELECT%20Id,%20Status__c,%20Product__c,%20Account_Type__c,%20Book_Name__c,%20Class_Start_Date__c,%20Course_Name__c,%20Course_Code__c,%20External_ID__c,%20E_Created_Date__c,%20Error__c,%20General_Access_URL__c,%20Teacher_Join_URL__c,%20School_Name__c,%20Active_Teachers__c,%20Sections__c,%20Students_Using__c,%20TermYear__c,%20Opportunity__c,%20Individual_Adoption__c%20FROM%20OS_Ancillary__c%20WHERE%20(Id%20=%20%27a1S3B000000E174UAC%27)%20LIMIT%201
    body:
      encoding: US-ASCII
      string: ''
    headers:
      User-Agent:
      - Faraday v0.9.2
      Authorization:
      - OAuth <tutor_specs_oauth_token>
      Accept-Encoding:
      - gzip;q=1.0,deflate;q=0.6,identity;q=0.3
      Accept:
      - "*/*"
  response:
    status:
      code: 200
      message: OK
    headers:
      Date:
      - Sun, 29 Jan 2017 04:25:24 GMT
      Set-Cookie:
      - BrowserId=0Lv8ofJ_TmKJA-zR3-Bfmw;Path=/;Domain=.salesforce.com;Expires=Thu,
        30-Mar-2017 04:25:24 GMT
      Expires:
      - Thu, 01 Jan 1970 00:00:00 GMT
      Sforce-Limit-Info:
      - api-usage=215/48000
      Content-Type:
      - application/json;charset=UTF-8
      Vary:
      - Accept-Encoding
      Transfer-Encoding:
      - chunked
    body:
      encoding: ASCII-8BIT
      string: '{"totalSize":1,"done":true,"records":[{"attributes":{"type":"OS_Ancillary__c","url":"/services/data/v29.0/sobjects/OS_Ancillary__c/a1S3B000000E174UAC"},"Id":"a1S3B000000E174UAC","Status__c":"Approved","Product__c":"Tutor","Account_Type__c":null,"Book_Name__c":"Chemistry","Class_Start_Date__c":"2017-01-01","Course_Name__c":null,"Course_Code__c":null,"External_ID__c":"1","E_Created_Date__c":"2017-01-29T04:25:15.000+0000","Error__c":null,"General_Access_URL__c":"https://tutor.openstax.org/courses/1/dashboard","Teacher_Join_URL__c":"http://localhost:3001/teach/bac9196780c43965f509416277f6c4d4/DO_NOT_GIVE_TO_STUDENTS","School_Name__c":"JP
        University","Active_Teachers__c":1.0,"Sections__c":2.0,"Students_Using__c":6.0,"TermYear__c":"2016
        - 17 Spring","Opportunity__c":null,"Individual_Adoption__c":"a1W3B000000VbGeUAK"}]}'
    http_version: 
  recorded_at: Sun, 29 Jan 2017 04:25:24 GMT
recorded_with: VCR 2.9.3
